src/lib/os/agent-orchestrator-infrastructure.ts 
src/lib/os/agent-orchestrator-infrastructure.ts 
src/lib/os/agent-orchestrator-infrastructure.ts 
src/lib/os/agent-orchestrator-infrastructure.ts 
src/lib/os/agent-orchestrator-infrastructure.ts 
src/lib/os/agent-orchestrator-infrastructure.ts 
src/lib/os/agent-orchestrator-infrastructure.ts 
src/lib/os/agent-orchestrator-infrastructure.ts 
src/lib/os/agent-orchestrator-infrastructure.ts 
src/lib/os/agent-orchestrator-infrastructure.ts 
src/lib/os/agent-orchestrator-infrastructure.ts 
src/lib/os/agent-orchestrator-infrastructure.ts 
src/lib/os/agent-orchestrator-infrastructure.ts 
src/lib/os/agent-orchestrator-infrastructure.ts 
src/lib/os/agent-orchestrator-infrastructure.ts 
src/lib/os/agent-orchestrator-infrastructure.ts 
src/lib/os/agent-orchestrator-infrastructure.ts 
src/lib/os/agent-orchestrator-infrastructure.ts 
src/lib/os/agent-orchestrator-infrastructure.ts 
src/lib/os/agent-orchestrator-infrastructure.ts 
src/lib/os/agent-orchestrator-infrastructure.ts 
src/lib/os/agent-orchestrator-infrastructure.ts 
src/lib/os/agent-orchestrator-infrastructure.ts 
src/lib/os/agent-orchestrator-infrastructure.ts 
src/lib/os/agent-orchestrator-infrastructure.ts 
src/lib/os/agent-orchestrator-infrastructure.ts 
src/lib/os/agent-orchestrator-infrastructure.ts 
src/lib/os/agent-orchestrator-infrastructure.ts 
src/lib/os/agent-orchestrator-infrastructure.ts 
src/lib/os/agent-orchestrator-infrastructure.ts 
src/lib/os/agent-orchestrator-infrastructure.ts 
src/lib/os/agent-orchestrator-infrastructure.ts 
src/lib/os/agent-orchestrator-infrastructure.ts 
src/lib/os/agent-orchestrator-infrastructure.ts 
src/lib/os/agent-orchestrator-infrastructure.ts 
src/lib/os/agent-orchestrator-infrastructure.ts 
src/lib/os/agent-orchestrator-infrastructure.ts 
src/lib/os/agent-orchestrator-infrastructure.ts 
src/lib/os/agent-orchestrator-infrastructure.ts 
src/lib/os/agent-orchestrator-infrastructure.ts 
src/lib/os/agent-orchestrator-infrastructure.ts 
src/lib/os/agent-orchestrator-infrastructure.ts 
src/lib/os/agent-orchestrator-infrastructure.ts 
src/lib/os/agent-orchestrator-infrastructure.ts 
src/lib/os/agent-orchestrator-infrastructure.ts 
src/lib/os/agent-orchestrator-infrastructure.ts 
src/lib/os/agent-orchestrator-infrastructure.ts 
src/lib/os/agent-orchestrator-infrastructure.ts 
src/lib/os/agent-orchestrator-infrastructure.ts 
src/lib/os/agent-orchestrator-infrastructure.ts 
src/lib/os/agent-orchestrator-infrastructure.ts 
src/lib/os/agent-orchestrator-infrastructure.ts 
src/lib/os/agent-orchestrator-infrastructure.ts 
src/lib/os/agent-orchestrator-infrastructure.ts 
src/lib/os/agent-orchestrator-infrastructure.ts 
src/lib/os/agent-orchestrator-infrastructure.ts 
src/lib/os/agent-orchestrator-infrastructure.ts 
src/lib/os/agent-orchestrator-infrastructure.ts 
src/lib/os/agent-orchestrator-infrastructure.ts 
src/lib/os/agent-orchestrator-infrastructure.ts 
src/lib/os/agent-orchestrator-infrastructure.ts 
src/lib/os/agent-orchestrator-infrastructure.ts 
src/lib/os/agent-orchestrator-infrastructure.ts 
src/lib/os/agent-orchestrator-infrastructure.ts 
src/lib/os/agent-orchestrator-infrastructure.ts 
src/lib/os/agent-orchestrator-infrastructure.ts 
src/lib/os/agent-orchestrator-infrastructure.ts 
src/lib/os/agent-orchestrator-infrastructure.ts 
src/lib/os/agent-orchestrator-infrastructure.ts 
src/lib/os/agent-orchestrator-infrastructure.ts 
src/lib/os/agent-orchestrator-infrastructure.ts 
src/lib/os/agent-orchestrator-infrastructure.ts 
src/lib/os/agent-orchestrator-infrastructure.ts 
src/lib/os/agent-orchestrator-infrastructure.ts 
src/lib/os/agent-orchestrator-infrastructure.ts 
src/lib/os/agent-orchestrator-infrastructure.ts 
src/lib/os/agent-orchestrator-infrastructure.ts 
src/lib/os/agent-orchestrator-infrastructure.ts 
src/lib/os/agent-orchestrator-infrastructure.ts 
src/lib/os/agent-orchestrator-infrastructure.ts 
src/lib/os/agent-orchestrator-infrastructure.ts 
src/lib/os/agent-orchestrator-infrastructure.ts 
src/lib/os/agent-orchestrator-infrastructure.ts 
src/lib/os/agent-orchestrator-infrastructure.ts 
src/lib/os/agent-orchestrator-infrastructure.ts 
src/lib/os/agent-orchestrator-infrastructure.ts 
src/lib/os/agent-orchestrator-infrastructure.ts 
src/lib/os/agent-orchestrator-infrastructure.ts 
src/lib/os/agent-orchestrator-infrastructure.ts 
src/lib/os/agent-orchestrator-infrastructure.ts 
src/lib/os/agent-orchestrator-infrastructure.ts 
src/lib/os/agent-orchestrator-infrastructure.ts 
src/lib/os/agent-orchestrator-infrastructure.ts 
src/lib/os/agent-orchestrator-infrastructure.ts 
src/lib/os/agent-orchestrator-infrastructure.ts 
src/lib/os/agent-orchestrator-infrastructure.ts 
src/lib/os/agent-orchestrator-infrastructure.ts 
src/lib/os/agent-orchestrator-infrastructure.ts 
src/lib/os/agent-orchestrator-infrastructure.ts 
src/lib/os/agent-orchestrator-infrastructure.ts 
src/lib/os/agent-orchestrator-infrastructure.ts 
src/lib/os/agent-orchestrator-infrastructure.ts 
src/lib/os/agent-orchestrator-infrastructure.ts 
src/lib/os/agent-orchestrator-infrastructure.ts 
src/lib/os/agent-orchestrator-infrastructure.ts 
src/lib/os/agent-orchestrator-infrastructure.ts 
src/lib/os/agent-orchestrator-infrastructure.ts 
src/lib/os/agent-orchestrator-infrastructure.ts 
src/lib/os/agent-orchestrator-infrastructure.ts 
src/lib/os/agent-orchestrator-infrastructure.ts 
src/lib/os/agent-orchestrator-infrastructure.ts 
src/lib/os/agent-orchestrator-infrastructure.ts 
src/lib/os/agent-orchestrator-infrastructure.ts 
src/lib/os/agent-orchestrator-infrastructure.ts 
src/lib/os/agent-orchestrator-infrastructure.ts 
src/lib/os/agent-orchestrator-infrastructure.ts 
src/lib/os/agent-orchestrator-infrastructure.ts 
src/lib/os/agent-orchestrator-infrastructure.ts 
src/lib/os/agent-orchestrator-infrastructure.ts 
src/lib/os/agent-orchestrator-infrastructure.ts 
src/lib/os/agent-orchestrator-infrastructure.ts 
src/lib/os/agent-orchestrator-infrastructure.ts 
src/lib/os/agent-orchestrator-infrastructure.ts 
src/lib/os/agent-orchestrator-infrastructure.ts 
src/lib/os/agent-orchestrator-infrastructure.ts 
src/lib/os/agent-orchestrator-infrastructure.ts 
src/lib/os/agent-orchestrator-infrastructure.ts 
src/lib/os/agent-orchestrator-infrastructure.ts 
src/lib/os/agent-orchestrator-infrastructure.ts 
src/lib/os/agent-orchestrator-infrastructure.ts 
src/lib/os/agent-orchestrator-infrastructure.ts 
src/lib/os/agent-orchestrator-infrastructure.ts 
src/lib/os/agent-orchestrator-infrastructure.ts 
src/lib/os/agent-orchestrator.ts 
src/lib/os/agent-orchestrator.ts 
src/lib/os/agent-orchestrator.ts 
src/lib/os/agent-orchestrator.ts 
src/lib/os/agent-orchestrator.ts 
src/lib/os/agent-orchestrator.ts 
src/lib/os/agent-orchestrator.ts 
src/lib/os/agent-orchestrator.ts 
src/lib/os/agent-orchestrator.ts 
src/lib/os/agent-orchestrator.ts 
src/lib/os/agent-orchestrator.ts 
src/lib/os/agent-orchestrator.ts 
src/lib/os/agent-orchestrator.ts 
src/lib/os/agent-orchestrator.ts 
src/lib/os/agent-orchestrator.ts 
src/lib/os/agent-orchestrator.ts 
src/lib/os/agent-orchestrator.ts 
src/lib/os/agent-orchestrator.ts 
src/lib/os/agent-orchestrator.ts 
src/lib/os/agent-orchestrator.ts 
src/lib/os/agent-orchestrator.ts 
src/lib/os/agent-orchestrator.ts 
src/lib/os/agent-orchestrator.ts 
src/lib/os/agent-orchestrator.ts 
src/lib/os/agent-orchestrator.ts 
src/lib/os/agent-orchestrator.ts 
src/lib/os/agent-orchestrator.ts 
src/lib/os/agent-orchestrator.ts 
src/lib/os/agent-orchestrator.ts 
src/lib/os/agent-orchestrator.ts 
src/lib/os/agent-orchestrator.ts 
src/lib/os/agent-orchestrator.ts 
src/lib/os/agent-orchestrator.ts 
src/lib/os/agent-orchestrator.ts 
src/lib/os/agent-orchestrator.ts 
src/lib/os/agent-orchestrator.ts 
src/lib/os/agent-orchestrator.ts 
src/lib/os/agent-orchestrator.ts 
src/lib/os/agent-orchestrator.ts 
src/lib/os/agent-orchestrator.ts 
src/lib/os/agent-orchestrator.ts 
src/lib/os/agent-orchestrator.ts 
src/lib/os/agent-orchestrator.ts 
src/lib/os/agent-orchestrator.ts 
src/lib/os/agent-orchestrator.ts 
src/lib/os/agent-orchestrator.ts 
src/lib/os/agent-orchestrator.ts 
src/lib/os/agent-orchestrator.ts 
src/lib/os/agent-orchestrator.ts 
src/lib/os/agent-orchestrator.ts 
src/lib/os/agent-orchestrator.ts 
src/pages/PipelineBuilder.tsx 
src/pages/PipelineBuilder.tsx 
src/pages/PipelineBuilder.tsx 
src/pages/PipelineBuilder.tsx 
src/pages/PipelineBuilder.tsx 
src/pages/PipelineBuilder.tsx 
src/pages/PipelineBuilder.tsx 
src/pages/PipelineBuilder.tsx 
src/pages/PipelineBuilder.tsx 
src/pages/PipelineBuilder.tsx 
src/pages/PipelineBuilder.tsx 
src/pages/PipelineBuilder.tsx 
src/pages/PipelineBuilder.tsx 
src/pages/PipelineBuilder.tsx 
src/pages/PipelineBuilder.tsx 
src/pages/PipelineBuilder.tsx 
src/pages/PipelineBuilder.tsx 
src/pages/PipelineBuilder.tsx 
src/pages/PipelineBuilder.tsx 
src/pages/PipelineBuilder.tsx 
