$ npm_config_nodedir=/usr/local npm run install (in installed better-sqlite3 package)

> better-sqlite3@11.10.0 install
> prebuild-install || node-gyp rebuild --release

prebuild-install warn install unable to verify the first certificate
gyp info it worked if it ends with ok
gyp info using node-gyp@11.5.0
gyp info using node@22.22.3 | linux | x64
gyp info find Python using Python version 3.11.2 found at "/usr/bin/python3"
gyp info spawn /usr/bin/python3
gyp info spawn args [
gyp info spawn args '/usr/local/lib/node_modules/npm/node_modules/node-gyp/gyp/gyp_main.py',
gyp info spawn args 'binding.gyp',
gyp info spawn args '-f',
gyp info spawn args 'make',
gyp info spawn args '-I',
gyp info spawn args '/home/user/Agentic-OS-V3/node_modules/.pnpm/better-sqlite3@11.10.0/node_modules/better-sqlite3/build/config.gypi',
gyp info spawn args '-I',
gyp info spawn args '/usr/local/lib/node_modules/npm/node_modules/node-gyp/addon.gypi',
gyp info spawn args '-I',
gyp info spawn args '/usr/local/include/node/common.gypi',
gyp info spawn args '-Dlibrary=shared_library',
gyp info spawn args '-Dvisibility=default',
gyp info spawn args '-Dnode_root_dir=/usr/local',
gyp info spawn args '-Dnode_gyp_dir=/usr/local/lib/node_modules/npm/node_modules/node-gyp',
gyp info spawn args '-Dnode_lib_file=/usr/local/$(Configuration)/node.lib',
gyp info spawn args '-Dmodule_root_dir=/home/user/Agentic-OS-V3/node_modules/.pnpm/better-sqlite3@11.10.0/node_modules/better-sqlite3',
gyp info spawn args '-Dnode_engine=v8',
gyp info spawn args '--depth=.',
gyp info spawn args '--no-parallel',
gyp info spawn args '--generator-output',
gyp info spawn args 'build',
gyp info spawn args '-Goutput_dir=.'
gyp info spawn args ]
gyp info spawn make
gyp info spawn args [ 'BUILDTYPE=Release', '-C', 'build' ]
make: Entering directory '/home/user/Agentic-OS-V3/node_modules/.pnpm/better-sqlite3@11.10.0/node_modules/better-sqlite3/build'
  TOUCH ba23eeee118cd63e16015df367567cb043fed872.intermediate
  ACTION deps_sqlite3_gyp_locate_sqlite3_target_copy_builtin_sqlite3 ba23eeee118cd63e16015df367567cb043fed872.intermediate
  TOUCH Release/obj.target/deps/locate_sqlite3.stamp
  CC(target) Release/obj.target/sqlite3/gen/sqlite3/sqlite3.o
rm -f Release/obj.target/deps/sqlite3.a Release/obj.target/deps/sqlite3.a.ar-file-list; mkdir -p `dirname Release/obj.target/deps/sqlite3.a`
ar crs Release/obj.target/deps/sqlite3.a @Release/obj.target/deps/sqlite3.a.ar-file-list
  COPY Release/sqlite3.a
  CXX(target) Release/obj.target/better_sqlite3/src/better_sqlite3.o
In file included from ./src/better_sqlite3.lzz:11,
                 from ../src/better_sqlite3.cpp:4:
/usr/local/include/node/node.h:1263:7: warning: cast between incompatible function types from 'void (*)(v8::Local<v8::Object>, v8::Local<v8::Value>, v8::Local<v8::Context>)' to 'node::addon_context_register_func' {aka 'void (*)(v8::Local<v8::Object>, v8::Local<v8::Value>, v8::Local<v8::Context>, void*)'} [-Wcast-function-type]
 1263 |       (node::addon_context_register_func) (regfunc),                  \
      |       ^~~~~~~~~~~~~~~~~~~~~~~~~~~~~~~~~~~~~~~~~~~~~
/usr/local/include/node/node.h:1281:3: note: in expansion of macro 'NODE_MODULE_CONTEXT_AWARE_X'
 1281 |   NODE_MODULE_CONTEXT_AWARE_X(modname, regfunc, NULL, 0)
      |   ^~~~~~~~~~~~~~~~~~~~~~~~~~~
/usr/local/include/node/node.h:1312:3: note: in expansion of macro 'NODE_MODULE_CONTEXT_AWARE'
 1312 |   NODE_MODULE_CONTEXT_AWARE(NODE_GYP_MODULE_NAME,                     \
      |   ^~~~~~~~~~~~~~~~~~~~~~~~~
./src/better_sqlite3.lzz:67:1: note: in expansion of macro 'NODE_MODULE_INIT'
./src/objects/database.lzz: In static member function 'static void Database::JS_new(const v8::FunctionCallbackInfo<v8::Value>&)':
./src/objects/database.lzz:180:21: warning: variable 'status' set but not used [-Wunused-but-set-variable]
./src/util/custom-table.lzz: At global scope:
./src/util/custom-table.lzz:45:9: warning: missing initializer for member 'sqlite3_module::xIntegrity' [-Wmissing-field-initializers]
./src/util/custom-table.lzz:72:9: warning: missing initializer for member 'sqlite3_module::xIntegrity' [-Wmissing-field-initializers]
./src/util/data.lzz: In function 'v8::Local<v8::Value> Data::GetValueJS(v8::Isolate*, sqlite3_stmt*, int, bool)':
./src/util/data.lzz:73:92: warning: this statement may fall through [-Wimplicit-fallthrough=]
./src/util/data.lzz:73:197: note: here
./src/util/data.lzz: In function 'v8::Local<v8::Value> Data::GetValueJS(v8::Isolate*, sqlite3_value*, bool)':
./src/util/data.lzz:77:81: warning: this statement may fall through [-Wimplicit-fallthrough=]
./src/util/data.lzz:77:175: note: here
  SOLINK_MODULE(target) Release/obj.target/better_sqlite3.node
  COPY Release/better_sqlite3.node
  CC(target) Release/obj.target/test_extension/deps/test_extension.o
  SOLINK_MODULE(target) Release/obj.target/test_extension.node
  COPY Release/test_extension.node
rm ba23eeee118cd63e16015df367567cb043fed872.intermediate
make: Leaving directory '/home/user/Agentic-OS-V3/node_modules/.pnpm/better-sqlite3@11.10.0/node_modules/better-sqlite3/build'
gyp info ok 

[exit_code]=0
